{
  "exclude": {
    "files": null,
    "lines": null
  },
  "generated_at": "2025-10-09T10:00:02Z",
  "plugins_used": [
    {
      "name": "AWSKeyDetector"
    },
    {
      "name": "ArtifactoryDetector"
    },
    {
      "name": "AzureStorageKeyDetector"
    },
    {
      "base64_limit": 4.5,
      "name": "Base64HighEntropyString"
    },
    {
      "name": "BasicAuthDetector"
    },
    {
      "name": "BoxDetector"
    },
    {
      "name": "CloudantDetector"
    },
    {
      "ghe_instance": "github.ibm.com",
      "name": "GheDetector"
    },
    {
      "name": "GitHubTokenDetector"
    },
    {
      "hex_limit": 3,
      "name": "HexHighEntropyString"
    },
    {
      "name": "IbmCloudIamDetector"
    },
    {
      "name": "IbmCosHmacDetector"
    },
    {
      "name": "JwtTokenDetector"
    },
    {
      "keyword_exclude": null,
      "name": "KeywordDetector"
    },
    {
      "name": "MailchimpDetector"
    },
    {
      "name": "NpmDetector"
    },
    {
      "name": "PrivateKeyDetector"
    },
    {
      "name": "SlackDetector"
    },
    {
      "name": "SoftlayerDetector"
    },
    {
      "name": "SquareOAuthDetector"
    },
    {
      "name": "StripeDetector"
    },
    {
      "name": "TwilioKeyDetector"
    }
  ],
  "results": {
    ".env.template": [
      {
        "hashed_secret": "d08f88df745fa7950b104e4a707a31cfce7b5841",
        "is_verified": false,
        "line_number": 21,
        "type": "Secret Keyword",
        "verified_result": null
      }
    ],
    "apps/api-gateway/.env.template": [
      {
        "hashed_secret": "d08f88df745fa7950b104e4a707a31cfce7b5841",
        "is_verified": false,
        "line_number": 29,
        "type": "Secret Keyword",
        "verified_result": null
      }
    ],
    "apps/api-gateway/src/api/api.service.ts": [
      {
        "hashed_secret": "bb27330ad8e4418fd1545f76c797f9e495ced3f1",
        "is_verified": false,
        "line_number": 62,
        "type": "Secret Keyword",
        "verified_result": null
      },
      {
        "hashed_secret": "5df614d5ca1ea5b297766ca8fc7825aae5b71cb2",
        "is_verified": false,
        "line_number": 63,
        "type": "Secret Keyword",
        "verified_result": null
      }
    ],
    "apps/api/.env.template": [
      {
        "hashed_secret": "d08f88df745fa7950b104e4a707a31cfce7b5841",
        "is_verified": false,
        "line_number": 30,
        "type": "Secret Keyword",
        "verified_result": null
      }
    ],
    "apps/api/docs/LLM_ARCHITECTURE.md": [
      {
        "hashed_secret": "ec3810e10fb78db55ce38b9c18d1c3eb1db739e0",
        "is_verified": false,
        "line_number": 351,
        "type": "Secret Keyword",
        "verified_result": null
      }
    ],
    "apps/api/docs/LLM_DEVELOPER_GUIDE.md": [
      {
        "hashed_secret": "ae73efcbd9318d1bb83ba4d33ed6ea49269065d7",
        "is_verified": false,
        "line_number": 68,
        "type": "Secret Keyword",
        "verified_result": null
      },
      {
        "hashed_secret": "5bfdb31e6eeb23b5f8dccada86645912b9b633e1",
        "is_verified": false,
        "line_number": 359,
        "type": "Secret Keyword",
        "verified_result": null
      }
    ],
    "apps/api/src/api/attempt/services/file-content-extraction.ts": [
      {
        "hashed_secret": "2c0580ffd7d80319531cf629f5e90f747b1386f1",
        "is_verified": false,
        "line_number": 2500,
        "type": "Secret Keyword",
        "verified_result": null
      }
    ],
    "apps/api/src/api/github/github.service.ts": [
      {
        "hashed_secret": "7ea6be9eecb6605329a1b1870c2fd2af9b896991",
        "is_verified": false,
        "line_number": 55,
        "type": "Secret Keyword",
        "verified_result": null
      }
    ],
    "apps/api/src/api/report/services/flo.service.ts": [
      {
        "hashed_secret": "035576b41cbaa44c5a58b0e7e3e8df19c5226a3f",
        "is_verified": false,
        "line_number": 39,
        "type": "Secret Keyword",
        "verified_result": null
      }
    ],
    "apps/api/src/auth/services/admin-email.service.ts": [
      {
        "hashed_secret": "0745833f7b44bb251e684ed54daa7f30db4a61ff",
        "is_verified": false,
        "line_number": 17,
        "type": "Secret Keyword",
        "verified_result": null
      },
      {
        "hashed_secret": "71011165e6f4116d3943a7b5ef8446c02f10ea7f",
        "is_verified": false,
        "line_number": 23,
        "type": "Secret Keyword",
        "verified_result": null
      },
      {
        "hashed_secret": "da32b2dd835ec07a74fb098cb9e617bbfac01eff",
        "is_verified": false,
        "line_number": 48,
        "type": "Secret Keyword",
        "verified_result": null
      },
      {
        "hashed_secret": "de493e0c6963b221bcc6f77606d52602cc46f1f0",
        "is_verified": false,
        "line_number": 51,
        "type": "Secret Keyword",
        "verified_result": null
      },
      {
        "hashed_secret": "6947818ac409551f11fbaa78f0ea6391960aa5b8",
        "is_verified": false,
        "line_number": 96,
        "type": "Secret Keyword",
        "verified_result": null
      }
    ],
    "apps/web/.env.template": [
      {
        "hashed_secret": "d08f88df745fa7950b104e4a707a31cfce7b5841",
        "is_verified": false,
        "line_number": 4,
        "type": "Secret Keyword",
        "verified_result": null
      }
    ],
    "apps/web/app/api/markChat/route.ts": [
      {
        "hashed_secret": "3f70a0183ead614880b70bff64fd39c0d9155d62",
        "is_verified": false,
        "line_number": 9,
        "type": "Secret Keyword",
        "verified_result": null
      }
    ],
    "apps/web/app/api/markChat/services/reportingService.ts": [
      {
        "hashed_secret": "d3ecb0d890368d7659ee54010045b835dacb8efe",
        "is_verified": false,
        "line_number": 61,
        "type": "Secret Keyword",
        "verified_result": null
      }
    ],
    "apps/web/app/api/transcribe/route.ts": [
      {
        "hashed_secret": "60634a9040f4a588cd5ec80391507a208c79cf00",
        "is_verified": false,
        "line_number": 6,
        "type": "Secret Keyword",
        "verified_result": null
      }
    ],
    "apps/web/app/learner/(components)/Question/FileCodeUploadSection.tsx": [
      {
        "hashed_secret": "cfb93ca9f329289d5f23de2b0e065103b81a374c",
        "is_verified": false,
        "line_number": 116,
        "type": "Secret Keyword",
        "verified_result": null
      }
    ],
    "apps/web/app/learner/(components)/Question/FileUploadSection.tsx": [
      {
        "hashed_secret": "cfb93ca9f329289d5f23de2b0e065103b81a374c",
        "is_verified": false,
        "line_number": 160,
        "type": "Secret Keyword",
        "verified_result": null
      }
    ],
    "apps/web/app/learner/(components)/Question/GithubUploadModal.tsx": [
      {
        "hashed_secret": "f0c5bc5473fd2f959bdac630e625aa33346fd12a",
        "is_verified": false,
        "line_number": 162,
        "type": "Secret Keyword",
        "verified_result": null
      },
      {
        "hashed_secret": "ee977806d7286510da8b9a7492ba58e2484c0ecc",
        "is_verified": false,
        "line_number": 177,
        "type": "Secret Keyword",
        "verified_result": null
      }
    ],
    "apps/web/app/learner/[assignmentId]/successPage/Question.tsx": [
      {
        "hashed_secret": "e1166e6dd837019ab04f130ab34c425e04161645",
        "is_verified": false,
        "line_number": 382,
        "type": "Secret Keyword",
        "verified_result": null
      },
      {
        "hashed_secret": "f0c5bc5473fd2f959bdac630e625aa33346fd12a",
        "is_verified": false,
        "line_number": 429,
        "type": "Secret Keyword",
        "verified_result": null
      },
      {
        "hashed_secret": "29080f1c58f9859ddaa6aeda7d2c410c12e222dc",
        "is_verified": false,
        "line_number": 461,
        "type": "Secret Keyword",
        "verified_result": null
      }
    ],
    "apps/web/lib/author.ts": [
      {
        "hashed_secret": "d3ecb0d890368d7659ee54010045b835dacb8efe",
        "is_verified": false,
        "line_number": 1430,
        "type": "Secret Keyword",
        "verified_result": null
      }
    ],
    "apps/web/lib/shared.ts": [
      {
        "hashed_secret": "d3ecb0d890368d7659ee54010045b835dacb8efe",
        "is_verified": false,
        "line_number": 1051,
        "type": "Secret Keyword",
        "verified_result": null
      }
    ],
    "apps/web/public/ffmpeg-core/ffmpeg-core.js": [
      {
        "hashed_secret": "b4e44716dbbf57be3dae2f819d96795a85d06652",
        "is_verified": false,
        "line_number": 410,
        "type": "Secret Keyword",
        "verified_result": null
      }
    ],
    "docs/CONTRIBUTING.md": [
      {
        "hashed_secret": "1c2b0d17c738509518ecc6efa233ee6c10e724f2",
        "is_verified": false,
        "line_number": 224,
        "type": "Basic Auth Credentials",
        "verified_result": null
      },
      {
        "hashed_secret": "f6b2b77f83ae6122acb0954c6502cf87b2c097c3",
        "is_verified": false,
        "line_number": 264,
        "type": "Secret Keyword",
        "verified_result": null
      }
    ]
  },
  "version": "0.13.1+ibm.64.dss",
  "word_list": {
    "file": null,
    "hash": null
  }
}
